HI-TECH Software C Compiler 

Linker command line:

--edf=C:\Program Files\HI-TECH Software\PICC\9.83\dat\en_msgs.txt -cs \
  -h+dist/default/production\LED_Ticker.X.production.sym -z -Q16F877A \
  -ol.obj -Mdist/default/production/LED_Ticker.X.production.map -E1 \
  -ACONST=00h-0FFhx32 -ACODE=00h-07FFhx4 -ASTRCODE=00h-01FFFh \
  -AENTRY=00h-0FFhx32 -ASTRING=00h-0FFhx32 -ABANK0=020h-06Fh \
  -ABANK1=0A0h-0EFh -ABANK2=0110h-016Fh -ABANK3=0190h-01EFh \
  -ARAM=020h-06Fh,0A0h-0EFh,0110h-016Fh,0190h-01EFh \
  -AABS1=020h-07Fh,0A0h-0EFh,0110h-016Fh,0190h-01EFh -ACOMMON=070h-07Fh \
  -ASFR0=00h-01Fh -ASFR1=080h-09Fh -ASFR2=0100h-010Fh -ASFR3=0180h-018Fh \
  -preset_vec=00h,intentry,init,end_init -ppowerup=CODE -pfunctab=CODE \
  -ACONFIG=02007h-02007h -pconfig=CONFIG -DCONFIG=2 -AIDLOC=02000h-02003h \
  -pidloc=IDLOC -DIDLOC=2 -AEEDATA=00h-0FFh/02100h -peeprom_data=EEDATA \
  -DEEDATA=2 -DCODE=2 -DSTRCODE=2 -DSTRING=2 -DCONST=2 -DENTRY=2 -k \
  C:\Users\Home\AppData\Local\Temp\s5nc.obj \
  dist/default/production\LED_Ticker.X.production.obj 

Object code version is 3.10

Machine type is 16F877A



                Name                               Link     Load   Length Selector   Space Scale
C:\Users\Home\AppData\Local\Temp\s5nc.obj
                end_init                              0        0        3        0       0
dist/default/production\LED_Ticker.X.production.obj
                config                             2007     2007        1     400E       0
                text140                             488      488       19      910       0
                text139                             4BB      4BB       2A      976       0
                text138                             5EB      5EB      215      BD6       0
                maintext                            4E5      4E5      106      9CA       0
                cstackBANK0                          20       20       2D       20       1
                cstackCOMMON                         70       70        E       70       1
                inittext                            475      475       13      8EA       0
                dataBANK0                            4D       4D       1A       20       1
                cinit                               463      463       12      8C6       0
                nvBANK0                              67       67        2       20       1
                stringtext                         1500     1500      A38       2A       0
                idataBANK0                          4A1      4A1       1A      942       0

TOTAL           Name                               Link     Load   Length     Space
        CLASS   CONST          

        CLASS   CODE           
                end_init                              0        0        3         0
                text140                             488      488       19         0
                text139                             4BB      4BB       2A         0
                text138                             5EB      5EB      215         0
                maintext                            4E5      4E5      106         0
                inittext                            475      475       13         0
                cinit                               463      463       12         0
                idataBANK0                          4A1      4A1       1A         0

        CLASS   STRCODE        
                stringtext                         1500     1500      A38         0

        CLASS   ENTRY          

        CLASS   STRING         

        CLASS   BANK0          
                cstackBANK0                          20       20       2D         1
                dataBANK0                            4D       4D       1A         1
                nvBANK0                              67       67        2         1

        CLASS   BANK1          

        CLASS   BANK2          

        CLASS   BANK3          

        CLASS   RAM            

        CLASS   ABS1           
                abs_s1                               7E       7E        2         1

        CLASS   COMMON         
                cstackCOMMON                         70       70        E         1

        CLASS   SFR0           

        CLASS   SFR1           

        CLASS   SFR2           

        CLASS   SFR3           

        CLASS   CONFIG         
                config                             2007     2007        1         0

        CLASS   IDLOC          

        CLASS   EEDATA         



SEGMENTS        Name                           Load    Length   Top    Selector   Space  Class     Delta

                reset_vec                      000000  000003  000003         0       0  CODE        2
                cstackBANK0                    000020  000049  000069        20       1  BANK0       1
                cstackCOMMON                   000070  00000E  00007E        70       1  COMMON      1
                cinit                          000463  000012  000475       8C6       0  CODE        2
                inittext                       000475  000013  000488       8EA       0  CODE        2
                text140                        000488  000019  0004A1       910       0  CODE        2
                idataBANK0                     0004A1  00001A  0004BB       942       0  CODE        2
                text139                        0004BB  00002A  0004E5       976       0  CODE        2
                maintext                       0004E5  000106  0005EB       9CA       0  CODE        2
                text138                        0005EB  000215  000800       BD6       0  CODE        2
                stringtext                     001500  000A38  001F38        2A       0  STRCODE     2
                config                         002007  000001  002008      400E       0  CONFIG      2


UNUSED ADDRESS RANGES

        Name                Unused          Largest block    Delta
        BANK0            0069-006F              7           1
        BANK1            00A0-00EF             50           1
        BANK2            0110-016F             60           1
        BANK3            0190-01EF             60           1
        CODE             0003-0462            460           2
                         0800-14FF            800
                         1F38-1FFF             C8
        CONST            0003-0462            100           2
                         0800-14FF            100
                         1F38-1FFF             C8
        EEDATA           2100-21FF            100           2
        ENTRY            0003-0462            100           2
                         0800-14FF            100
                         1F38-1FFF             C8
        IDLOC            2000-2003              4           2
        RAM              0069-006F              7           1
                         00A0-00EF             50
                         0110-016F             60
                         0190-01EF             60
        SFR0             0000-001F             20           1
        SFR1             0080-009F             20           1
        SFR2             0100-010F             10           1
        SFR3             0180-018F             10           1
        STRCODE          0003-0462            460           2
                         0800-14FF            D00
                         1F38-1FFF             C8
        STRING           0003-0462            100           2
                         0800-14FF            100
                         1F38-1FFF             C8

                                  Symbol Table

??___wmul             cstackCOMMON 0074
??_display            cstackBANK0  0020
??_init_ports         cstackCOMMON 0070
??_main               cstackBANK0  0027
?___wmul              cstackCOMMON 0070
?_display             cstackCOMMON 0076
?_init_ports          cstackCOMMON 0070
?_main                cstackCOMMON 0070
_CARRY                (abs)        0018
_EEADR                (abs)        010D
_EECON1               (abs)        018C
_EECON2               (abs)        018D
_EEDATA               (abs)        010C
_GIE                  (abs)        005F
_PORTA                (abs)        0005
_PORTB                (abs)        0006
_PORTC                (abs)        0007
_PORTD                (abs)        0008
_RD                   (abs)        0C60
_TRISA                (abs)        0085
_TRISB                (abs)        0086
_TRISC                (abs)        0087
_TRISD                (abs)        0088
_WR                   (abs)        0C61
_WREN                 (abs)        0C62
__Habs1               abs1         0000
__Hbank0              bank0        0000
__Hbank1              bank1        0000
__Hbank2              bank2        0000
__Hbank3              bank3        0000
__Hcinit              cinit        0000
__Hclrtext            clrtext      0000
__Hcode               code         0000
__Hcommon             common       0000
__Hconfig             config       2008
__HcstackBANK0        cstackBANK0  0000
__HcstackCOMMON       cstackCOMMON 0000
__HdataBANK0          dataBANK0    0000
__Heeprom_data        eeprom_data  0000
__Hend_init           end_init     0003
__Hfunctab            functab      0000
__HidataBANK0         idataBANK0   0000
__Hidloc              idloc        0000
__Hinit               init         0000
__Hinittext           inittext     0000
__Hintentry           intentry     0000
__Hmaintext           maintext     0000
__HnvBANK0            nvBANK0      0000
__Hpowerup            powerup      0000
__Hram                ram          0000
__Hreset_vec          reset_vec    0000
__Hsfr0               sfr0         0000
__Hsfr1               sfr1         0000
__Hsfr2               sfr2         0000
__Hsfr3               sfr3         0000
__Hstrings            strings      0000
__Hstringtext         stringtext   0000
__Htext               text         0000
__Labs1               abs1         0000
__Lbank0              bank0        0000
__Lbank1              bank1        0000
__Lbank2              bank2        0000
__Lbank3              bank3        0000
__Lcinit              cinit        0000
__Lclrtext            clrtext      0000
__Lcode               code         0000
__Lcommon             common       0000
__Lconfig             config       2007
__LcstackBANK0        cstackBANK0  0000
__LcstackCOMMON       cstackCOMMON 0000
__LdataBANK0          dataBANK0    0000
__Leeprom_data        eeprom_data  0000
__Lend_init           end_init     0000
__Lfunctab            functab      0000
__LidataBANK0         idataBANK0   0000
__Lidloc              idloc        0000
__Linit               init         0000
__Linittext           inittext     0000
__Lintentry           intentry     0000
__Lmaintext           maintext     0000
__LnvBANK0            nvBANK0      0000
__Lpowerup            powerup      0000
__Lram                ram          0000
__Lreset_vec          reset_vec    0000
__Lsfr0               sfr0         0000
__Lsfr1               sfr1         0000
__Lsfr2               sfr2         0000
__Lsfr3               sfr3         0000
__Lstrings            strings      0000
__Lstringtext         stringtext   0000
__Ltext               text         0000
__S0                  (abs)        2008
__S1                  (abs)        007E
__S2                  (abs)        0000
___wmul               text139      04BB
___wmul@multiplicand  cstackCOMMON 0072
___wmul@multiplier    cstackCOMMON 0070
___wmul@product       cstackCOMMON 0074
__end_of___wmul       text139      04E5
__end_of_display      text138      0800
__end_of_init_ports   text140      04A1
__end_of_main         maintext     05EB
__pcstackBANK0        cstackBANK0  0020
__pcstackCOMMON       cstackCOMMON 0070
__pdataBANK0          dataBANK0    004D
__pidataBANK0         idataBANK0   04A1
__pmaintext           maintext     04E5
__pnvBANK0            nvBANK0      0067
__pstringtext         stringtext   1500
__ptext138            text138      05EB
__ptext139            text139      04BB
__ptext140            text140      0488
__ptext141            text141      0000
__size_of___wmul      (abs)        0000
__size_of_display     (abs)        0000
__size_of_init_ports  (abs)        0000
__size_of_main        (abs)        0000
_characters           stringtext   1512
_column               stringtext   1DE2
_display              text138      05EB
_exit                 init         0000
_flickerDelay         dataBANK0    0065
_index                nvBANK0      0067
_init_ports           text140      0488
_main                 maintext     04E5
btemp                 (abs)        007E
display@charNum       cstackCOMMON 0076
display@i             cstackCOMMON 007A
display@k             cstackCOMMON 007C
display@start         cstackCOMMON 0078
end_of_initialization cinit        0471
init_fetch            inittext     0475
init_ram              inittext     0479
intlevel0             functab      0000
intlevel1             functab      0000
intlevel2             functab      0000
intlevel3             functab      0000
intlevel4             functab      0000
intlevel5             functab      0000
main@F1291            dataBANK0    004D
main@counter          cstackBANK0  0045
main@i                cstackBANK0  004B
main@j                cstackBANK0  0043
main@numChars         cstackBANK0  0047
main@offset           cstackBANK0  0049
main@streamChars      cstackBANK0  002B
reset_vec             reset_vec    0000
start                 init         0000
start_initialization  cinit        0463
wtemp0                (abs)        007E
