HI-TECH Software C Compiler 

Linker command line:

--edf=C:\Program Files\HI-TECH Software\PICC\9.83\dat\en_msgs.txt -cs \
  -h+dist/default/production\LED_Ticker.X.production.sym -z -Q16F877A \
  -ol.obj -Mdist/default/production/LED_Ticker.X.production.map -E1 \
  -ACONST=00h-0FFhx32 -ACODE=00h-07FFhx4 -ASTRCODE=00h-01FFFh \
  -AENTRY=00h-0FFhx32 -ASTRING=00h-0FFhx32 -ABANK0=020h-06Fh \
  -ABANK1=0A0h-0EFh -ABANK2=0110h-016Fh -ABANK3=0190h-01EFh \
  -ARAM=020h-06Fh,0A0h-0EFh,0110h-016Fh,0190h-01EFh \
  -AABS1=020h-07Fh,0A0h-0EFh,0110h-016Fh,0190h-01EFh -ACOMMON=070h-07Fh \
  -ASFR0=00h-01Fh -ASFR1=080h-09Fh -ASFR2=0100h-010Fh -ASFR3=0180h-018Fh \
  -preset_vec=00h,intentry,init,end_init -ppowerup=CODE -pfunctab=CODE \
  -ACONFIG=02007h-02007h -pconfig=CONFIG -DCONFIG=2 -AIDLOC=02000h-02003h \
  -pidloc=IDLOC -DIDLOC=2 -AEEDATA=00h-0FFh/02100h -peeprom_data=EEDATA \
  -DEEDATA=2 -DCODE=2 -DSTRCODE=2 -DSTRING=2 -DCONST=2 -DENTRY=2 -k \
  C:\Users\Home\AppData\Local\Temp\s40o.obj \
  dist/default/production\LED_Ticker.X.production.obj 

Object code version is 3.10

Machine type is 16F877A



                Name                               Link     Load   Length Selector   Space Scale
C:\Users\Home\AppData\Local\Temp\s40o.obj
                end_init                              0        0        3        0       0
dist/default/production\LED_Ticker.X.production.obj
                config                             2007     2007        1     400E       0
                text192                             E5A      E5A       25     1CB4       0
                text191                             E3B      E3B       1F     1C76       0
                text190                             E15      E15       13     1C2A       0
                text189                               7        7       2A        E       0
                text188                              77       77      1FA       EE       0
                maintext                            271      271      58F      4E2       0
                cstackBANK0                          20       20       45       20       1
                cstackCOMMON                         70       70        E       70       1
                inittext                            E28      E28       13     1C50       0
                dataBANK2                           110      110       46      110       1
                dataBANK3                           190      190       46      190       1
                dataBANK1                            A0       A0       10       A0       1
                dataBANK0                            67       67        2       20       1
                cinit                               E7F      E7F       3B     1CFE       0
                nvBANK0                              65       65        2       20       1
                stringtext                          F00      F00     104C       1E       0
                idataBANK1                          E05      E05       10     1C0A       0
                idataBANK3                          EBA      EBA       46     1D74       0
                idataBANK2                           31       31       46       62       0
                idataBANK0                            5        5        2        A       0

TOTAL           Name                               Link     Load   Length     Space
        CLASS   CONST          

        CLASS   CODE           
                end_init                              0        0        3         0
                text192                             E5A      E5A       25         0
                text191                             E3B      E3B       1F         0
                text190                             E15      E15       13         0
                text189                               7        7       2A         0
                text188                              77       77      1FA         0
                maintext                            271      271      58F         0
                inittext                            E28      E28       13         0
                cinit                               E7F      E7F       3B         0
                idataBANK1                          E05      E05       10         0
                idataBANK3                          EBA      EBA       46         0
                idataBANK2                           31       31       46         0
                idataBANK0                            5        5        2         0

        CLASS   STRCODE        
                stringtext                          F00      F00     104C         0

        CLASS   ENTRY          

        CLASS   STRING         

        CLASS   BANK0          
                cstackBANK0                          20       20       45         1
                dataBANK0                            67       67        2         1
                nvBANK0                              65       65        2         1

        CLASS   BANK1          
                dataBANK1                            A0       A0       10         1

        CLASS   BANK2          
                dataBANK2                           110      110       46         1

        CLASS   BANK3          
                dataBANK3                           190      190       46         1

        CLASS   RAM            

        CLASS   ABS1           
                abs_s1                               7E       7E        2         1

        CLASS   COMMON         
                cstackCOMMON                         70       70        E         1

        CLASS   SFR0           

        CLASS   SFR1           

        CLASS   SFR2           

        CLASS   SFR3           

        CLASS   CONFIG         
                config                             2007     2007        1         0

        CLASS   IDLOC          

        CLASS   EEDATA         



SEGMENTS        Name                           Load    Length   Top    Selector   Space  Class     Delta

                reset_vec                      000000  000003  000003         0       0  CODE        2
                idataBANK0                     000005  000002  000007         A       0  CODE        2
                text189                        000007  00002A  000031         E       0  CODE        2
                cstackBANK0                    000020  000049  000069        20       1  BANK0       1
                idataBANK2                     000031  000046  000077        62       0  CODE        2
                cstackCOMMON                   000070  00000E  00007E        70       1  COMMON      1
                dataBANK1                      0000A0  000010  0000B0        A0       1  BANK1       1
                text188                        000077  0001FA  000271        EE       0  CODE        2
                dataBANK2                      000110  000046  000156       110       1  BANK2       1
                dataBANK3                      000190  000046  0001D6       190       1  BANK3       1
                maintext                       000271  00058F  000800       4E2       0  CODE        2
                idataBANK1                     000E05  000010  000E15      1C0A       0  CODE        2
                text190                        000E15  000013  000E28      1C2A       0  CODE        2
                inittext                       000E28  000013  000E3B      1C50       0  CODE        2
                text191                        000E3B  00001F  000E5A      1C76       0  CODE        2
                text192                        000E5A  000025  000E7F      1CB4       0  CODE        2
                cinit                          000E7F  00003B  000EBA      1CFE       0  CODE        2
                idataBANK3                     000EBA  000046  000F00      1D74       0  CODE        2
                stringtext                     000F00  00104C  001F4C        1E       0  STRCODE     2
                config                         002007  000001  002008      400E       0  CONFIG      2


UNUSED ADDRESS RANGES

        Name                Unused          Largest block    Delta
        BANK0            0069-006F              7           1
        BANK1            00B0-00EF             40           1
        BANK2            0156-016F             1A           1
        BANK3            01D6-01EF             1A           1
        CODE             0003-0004              2           2
                         0800-0E04            605
                         1F4C-1FFF             B4
        CONST            0003-0004              2           2
                         0800-0E04            100
                         1F4C-1FFF             B4
        EEDATA           2100-21FF            100           2
        ENTRY            0003-0004              2           2
                         0800-0E04            100
                         1F4C-1FFF             B4
        IDLOC            2000-2003              4           2
        RAM              0069-006F              7           1
                         00B0-00EF             40
                         0156-016F             1A
                         01D6-01EF             1A
        SFR0             0000-001F             20           1
        SFR1             0080-009F             20           1
        SFR2             0100-010F             10           1
        SFR3             0180-018F             10           1
        STRCODE          0003-0004              2           2
                         0800-0E04            605
                         1F4C-1FFF             B4
        STRING           0003-0004              2           2
                         0800-0E04            100
                         1F4C-1FFF             B4

                                  Symbol Table

??___wmul                   cstackCOMMON 0074
??_display                  cstackBANK0  0020
??_displayLoading           cstackCOMMON 0072
??_displaySuccess           cstackCOMMON 0070
??_init_ports               cstackCOMMON 0070
??_main                     cstackBANK0  0027
?___wmul                    cstackCOMMON 0070
?_display                   cstackCOMMON 0076
?_displayLoading            cstackCOMMON 0070
?_displaySuccess            cstackCOMMON 0070
?_init_ports                cstackCOMMON 0070
?_main                      cstackCOMMON 0070
_ADCON0                     (abs)        001F
_ADCON1                     (abs)        009F
_CARRY                      (abs)        0018
_CMCON                      (abs)        009C
_CVRCON                     (abs)        009D
_EEADR                      (abs)        010D
_EECON1                     (abs)        018C
_EECON2                     (abs)        018D
_EEDATA                     (abs)        010C
_GIE                        (abs)        005F
_PORTA                      (abs)        0005
_PORTB                      (abs)        0006
_PORTC                      (abs)        0007
_PORTD                      (abs)        0008
_RD                         (abs)        0C60
_TRISA                      (abs)        0085
_TRISB                      (abs)        0086
_TRISC                      (abs)        0087
_TRISD                      (abs)        0088
_WR                         (abs)        0C61
_WREN                       (abs)        0C62
__Habs1                     abs1         0000
__Hbank0                    bank0        0000
__Hbank1                    bank1        0000
__Hbank2                    bank2        0000
__Hbank3                    bank3        0000
__Hcinit                    cinit        0000
__Hclrtext                  clrtext      0000
__Hcode                     code         0000
__Hcommon                   common       0000
__Hconfig                   config       2008
__HcstackBANK0              cstackBANK0  0000
__HcstackCOMMON             cstackCOMMON 0000
__HdataBANK0                dataBANK0    0000
__HdataBANK1                dataBANK1    0000
__HdataBANK2                dataBANK2    0000
__HdataBANK3                dataBANK3    0000
__Heeprom_data              eeprom_data  0000
__Hend_init                 end_init     0003
__Hfunctab                  functab      0000
__HidataBANK0               idataBANK0   0000
__HidataBANK1               idataBANK1   0000
__HidataBANK2               idataBANK2   0000
__HidataBANK3               idataBANK3   0000
__Hidloc                    idloc        0000
__Hinit                     init         0000
__Hinittext                 inittext     0000
__Hintentry                 intentry     0000
__Hmaintext                 maintext     0000
__HnvBANK0                  nvBANK0      0000
__Hpowerup                  powerup      0000
__Hram                      ram          0000
__Hreset_vec                reset_vec    0000
__Hsfr0                     sfr0         0000
__Hsfr1                     sfr1         0000
__Hsfr2                     sfr2         0000
__Hsfr3                     sfr3         0000
__Hstrings                  strings      0000
__Hstringtext               stringtext   0000
__Htext                     text         0000
__Labs1                     abs1         0000
__Lbank0                    bank0        0000
__Lbank1                    bank1        0000
__Lbank2                    bank2        0000
__Lbank3                    bank3        0000
__Lcinit                    cinit        0000
__Lclrtext                  clrtext      0000
__Lcode                     code         0000
__Lcommon                   common       0000
__Lconfig                   config       2007
__LcstackBANK0              cstackBANK0  0000
__LcstackCOMMON             cstackCOMMON 0000
__LdataBANK0                dataBANK0    0000
__LdataBANK1                dataBANK1    0000
__LdataBANK2                dataBANK2    0000
__LdataBANK3                dataBANK3    0000
__Leeprom_data              eeprom_data  0000
__Lend_init                 end_init     0000
__Lfunctab                  functab      0000
__LidataBANK0               idataBANK0   0000
__LidataBANK1               idataBANK1   0000
__LidataBANK2               idataBANK2   0000
__LidataBANK3               idataBANK3   0000
__Lidloc                    idloc        0000
__Linit                     init         0000
__Linittext                 inittext     0000
__Lintentry                 intentry     0000
__Lmaintext                 maintext     0000
__LnvBANK0                  nvBANK0      0000
__Lpowerup                  powerup      0000
__Lram                      ram          0000
__Lreset_vec                reset_vec    0000
__Lsfr0                     sfr0         0000
__Lsfr1                     sfr1         0000
__Lsfr2                     sfr2         0000
__Lsfr3                     sfr3         0000
__Lstrings                  strings      0000
__Lstringtext               stringtext   0000
__Ltext                     text         0000
__S0                        (abs)        2008
__S1                        (abs)        01D6
__S2                        (abs)        0000
___wmul                     text189      0007
___wmul@multiplicand        cstackCOMMON 0072
___wmul@multiplier          cstackCOMMON 0070
___wmul@product             cstackCOMMON 0074
__end_of___wmul             text189      0031
__end_of_display            text188      0271
__end_of_displayLoading     text191      0E5A
__end_of_displaySuccess     text190      0E28
__end_of_init_ports         text192      0E7F
__end_of_main               maintext     0800
__pcstackBANK0              cstackBANK0  0020
__pcstackCOMMON             cstackCOMMON 0070
__pdataBANK0                dataBANK0    0067
__pdataBANK1                dataBANK1    00A0
__pdataBANK2                dataBANK2    0110
__pdataBANK3                dataBANK3    0190
__pidataBANK0               idataBANK0   0005
__pidataBANK1               idataBANK1   0E05
__pidataBANK2               idataBANK2   0031
__pidataBANK3               idataBANK3   0EBA
__pmaintext                 maintext     0271
__pnvBANK0                  nvBANK0      0065
__pstringtext               stringtext   0F00
__ptext188                  text188      0077
__ptext189                  text189      0007
__ptext190                  text190      0E15
__ptext191                  text191      0E3B
__ptext192                  text192      0E5A
__ptext193                  text193      0000
__size_of___wmul            (abs)        0000
__size_of_display           (abs)        0000
__size_of_displayLoading    (abs)        0000
__size_of_displaySuccess    (abs)        0000
__size_of_init_ports        (abs)        0000
__size_of_main              (abs)        0000
_binaryArray                dataBANK1    00A0
_characters                 stringtext   0F12
_column                     stringtext   1AFA
_dataPin                    stringtext   1F46
_display                    text188      0077
_displayLoading             text191      0E3B
_displaySuccess             text190      0E15
_exit                       init         0000
_flickerDelay               dataBANK0    0067
_index                      nvBANK0      0065
_init_ports                 text192      0E5A
_main                       maintext     0271
_parityPin                  stringtext   1F48
_pulsePin                   stringtext   1F4A
_streamChars1               dataBANK3    0190
_streamChars2               dataBANK2    0110
btemp                       (abs)        007E
display@charNum             cstackCOMMON 0076
display@i                   cstackCOMMON 007A
display@k                   cstackCOMMON 007C
display@start               cstackCOMMON 0078
displayLoading@columnSelect cstackCOMMON 0070
end_of_initialization       cinit        0EB6
init_fetch                  inittext     0E28
init_ram                    inittext     0E2C
intlevel0                   functab      0000
intlevel1                   functab      0000
intlevel2                   functab      0000
intlevel3                   functab      0000
intlevel4                   functab      0000
intlevel5                   functab      0000
main@charBegin              cstackBANK0  0039
main@charCount              cstackBANK0  005B
main@charEnd                cstackBANK0  003B
main@charOffset             cstackBANK0  0059
main@commandTemp            cstackBANK0  003D
main@i                      cstackBANK0  0055
main@i_1272                 cstackBANK0  0057
main@j                      cstackBANK0  0061
main@k                      cstackBANK0  005F
main@lastDivision           cstackBANK0  0035
main@numChars1              cstackBANK0  0045
main@numChars2              cstackBANK0  0047
main@spacesCounter1         cstackBANK0  004D
main@spacesCounter2         cstackBANK0  004F
main@streamNum              cstackBANK0  0063
main@t                      cstackBANK0  0051
main@t_1266                 cstackBANK0  0053
main@totalCounter           cstackBANK0  0049
main@totalOffset            cstackBANK0  0037
main@z                      cstackBANK0  005D
main@zeroCounter            cstackBANK0  004B
reset_vec                   reset_vec    0000
start                       init         0000
start_initialization        cinit        0E7F
wtemp0                      (abs)        007E
